{"outcome":"completed","rules":[{"rule_id":"js.dom.xss","rule_version":"1.3.0","status":"completed","findings":0},{"rule_id":"js.postmessage.no-origin-check","rule_version":"1.3.0","status":"completed","findings":0},{"rule_id":"js.prototype.pollution","rule_version":"1.3.0","status":"completed","findings":0}],"findings":[],"completed":3,"failed":0,"cancelled":0,"skipped":0,"cache_hits":0,"levels":1,"logs":[{"level":"info","rule":"js.dom.xss","message":"config keys: js.dom.xss.disabled,js.postmessage.no-origin-check.disabled"},{"level":"info","rule":"js.postmessage.no-origin-check","message":"config keys: js.dom.xss.disabled,js.postmessage.no-origin-check.disabled"},{"level":"info","rule":"js.prototype.pollution","message":"config keys: js.dom.xss.disabled,js.postmessage.no-origin-check.disabled"}]}